Experiment: Distribution-Shift - Trace Replay
Result: dist-shift-ascending-100
Mode: replay
Task order: ascending
Cluster: 1213 nodes -> 1213 nodes (100.0%)
Full distribution: 55 task types
First-2000 distribution (FGD-2000): 30 task types

============================================================================
EXPERIMENT SUMMARY
============================================================================

Scheduler         Avg Frag%   Avg Alloc%    Scheduled     Failed    Time(s)
----------------------------------------------------------------------------
Random                 85.3         78.7         7323        829        5.0
BestFit                97.9         69.5         6749       1403        5.4
DotProd                99.0         67.3         6617       1535        5.7
Packing                98.2         83.7         7631        521        8.1
Clustering             98.2         83.7         7631        521        4.7
FGD-Full               78.2         86.2         7783        369      109.7
FGD-2000               92.6         75.0         7090       1062       64.0
W-FGD-2000             95.6         77.1         7218        934       63.8
U-FGD                  98.4         85.4         7740        412      530.7
