Experiment: Distribution-Shift - Trace Replay
Result: dist-shift-phased-31042-90
Mode: replay
FGD popularity threshold: 95
Figure9 sample interval (%): 2.0
Figure9 max arrival (%): 120.0
Figure9 snapshot (%): 96.0
Task order: phased
Tier order: [3, 1, 0, 4, 2]
  Phase 0: Tier 3 - 3911 tasks (gpu range: 1.00-1.00)
  Phase 1: Tier 1 - 1600 tasks (gpu range: 0.05-0.48)
  Phase 2: Tier 0 - 1088 tasks (gpu range: 0.00-0.00)
  Phase 3: Tier 4 - 75 tasks (gpu range: 2.00-8.00)
  Phase 4: Tier 2 - 1478 tasks (gpu range: 0.55-0.81)
Cluster: 1213 nodes -> 1100 nodes (90.0%)
Full distribution: 55 task types
FGD scoring distribution (top 95%): 21 task types
First-2000 distribution (FGD-2000, top 95%): 5 task types

============================================================================
EXPERIMENT SUMMARY
============================================================================

Scheduler         Avg Frag%   Avg Alloc%    Scheduled     Failed    Time(s)
----------------------------------------------------------------------------
Random                 98.7         88.6         7127       1025       26.0
Clustering             99.1         91.3         6898       1254       23.4
FGD-Full               97.7         95.1         7334        818       95.3
FGD-2000               97.8         95.8         7382        770       78.5
