Experiment: Distribution-Shift - Trace Replay
Result: dist-shift-descending-90
Mode: replay
FGD popularity threshold: 95
Figure9 sample interval (%): 2.0
Figure9 max arrival (%): 120.0
Figure9 snapshot (%): 96.0
Task order: descending
Cluster: 1213 nodes -> 1100 nodes (90.0%)
Full distribution: 55 task types
FGD scoring distribution (top 95%): 21 task types
First-2000 distribution (FGD-2000, top 95%): 4 task types

============================================================================
EXPERIMENT SUMMARY
============================================================================

Scheduler         Avg Frag%   Avg Alloc%    Scheduled     Failed    Time(s)
----------------------------------------------------------------------------
Random                 99.2         95.0         6476       1676       25.0
Clustering             99.0         94.2         6368       1784       25.7
FGD-Full               99.1         94.3         6359       1793       86.7
FGD-2000               99.7         95.2         6460       1692       73.6
