Experiment: Distribution-Shift - Trace Replay
Result: dist-shift-phased-12034-100
Mode: replay
Task order: phased
Tier order: [1, 2, 0, 3, 4]
  Phase 0: Tier 1 - 1600 tasks (gpu range: 0.05-0.48)
  Phase 1: Tier 2 - 1478 tasks (gpu range: 0.55-0.81)
  Phase 2: Tier 0 - 1088 tasks (gpu range: 0.00-0.00)
  Phase 3: Tier 3 - 3911 tasks (gpu range: 1.00-1.00)
  Phase 4: Tier 4 - 75 tasks (gpu range: 2.00-8.00)
Cluster: 1213 nodes -> 1213 nodes (100.0%)
Full distribution: 55 task types
First-2000 distribution (FGD-2000): 34 task types

============================================================================
EXPERIMENT SUMMARY
============================================================================

Scheduler         Avg Frag%   Avg Alloc%    Scheduled     Failed    Time(s)
----------------------------------------------------------------------------
Random                 95.6         80.7         7443        709        5.1
BestFit                99.1         87.9         7893        259        5.9
DotProd                98.7         89.6         7998        154        6.0
Packing                97.0         91.3         8083         69        8.2
Clustering             97.0         91.3         8083         69        5.1
FGD-Full               87.5         91.0         8082         70      108.0
FGD-2000               98.8         80.1         7409        743       68.0
W-FGD-2000             97.6         88.9         7952        200       67.0
U-FGD                  97.4         89.8         8014        138      540.0
