Experiment: Figure 9 Replication - Monte-Carlo
Result: fig9-runs1-seed42
Runs: 1
Base seed: 42
Sample interval: 2.0%
Max arrival: 120.0%
Nodes: 1213
GPUs: 6212
Task pool: 8152

======================================================================
EXPERIMENT SUMMARY (Figure 9)
======================================================================

Scheduler     Scheduled   Failed  Unalloc%  Occupied  Deficient  Stranded  Non-GPU
--------------------------------------------------------------------------------
Random             8015     1987      11.9      1213       36.8      49.8     13.4
BestFit            8130     1872       6.7      1213       60.1      26.5     13.4
BestFit-PN         8164     1838       6.3      1213       69.0      17.6     13.4
DotProd            7887     2115      10.2      1213       38.0      48.6     13.4
Packing            8211     1791       5.7      1213       70.4      16.2     13.4
Clustering         8214     1788       5.6      1213       71.3      15.3     13.4
FGD                8231     1771       5.4      1213       68.1      18.5     13.5
